Traceback (most recent call last):
  File "/usr/lib/python3.14/pathlib/__init__.py", line 1012, in mkdir
    os.mkdir(self, mode)
    ~~~~~~~~^^^^^^^^^^^^
FileNotFoundError: [Errno 2] No such file or directory: 'results/collapse/ablation_p025_seed2'

During handling of the above exception, another exception occurred:

Traceback (most recent call last):
  File "/home-mscluster/eazubuike/projects/NLP_IoMC/experiments/run_array_task.py", line 38, in <module>
    main()
    ~~~~^^
  File "/home-mscluster/eazubuike/projects/NLP_IoMC/experiments/run_array_task.py", line 33, in main
    result = run(str(config_path), mode, seed=seed)
  File "/home-mscluster/eazubuike/projects/NLP_IoMC/experiments/run_experiment.py", line 60, in run
    out_dir = run_collapse(tcfg, mcfg, train_cfg, gen_cfg, run_name=run_name, verbose=True)
  File "/home-mscluster/eazubuike/projects/NLP_IoMC/src/collapse.py", line 111, in run_collapse
    out_dir.mkdir(parents=True, exist_ok=True)
    ~~~~~~~~~~~~~^^^^^^^^^^^^^^^^^^^^^^^^^^^^^
  File "/usr/lib/python3.14/pathlib/__init__.py", line 1016, in mkdir
    self.parent.mkdir(parents=True, exist_ok=True)
    ~~~~~~~~~~~~~~~~~^^^^^^^^^^^^^^^^^^^^^^^^^^^^^
  File "/usr/lib/python3.14/pathlib/__init__.py", line 1012, in mkdir
    os.mkdir(self, mode)
    ~~~~~~~~^^^^^^^^^^^^
FileExistsError: [Errno 17] File exists: 'results/collapse'
