[array task 1/17] base_no_collapse.yaml mode=train seed=1
epoch   0 | train_loss 1.7408 acc 0.243 | val_loss 1.5723 acc 0.268 | ind_score 0.195 (base 0.120)
epoch   1 | train_loss 1.5124 acc 0.262 | val_loss 1.4828 acc 0.259
epoch   2 | train_loss 1.4533 acc 0.264 | val_loss 1.4439 acc 0.241
epoch   3 | train_loss 1.4298 acc 0.272 | val_loss 1.4268 acc 0.242
epoch   4 | train_loss 1.4094 acc 0.282 | val_loss 1.4387 acc 0.270
epoch   5 | train_loss 1.4024 acc 0.292 | val_loss 1.4415 acc 0.265 | ind_score 0.200 (base 0.120)
epoch   6 | train_loss 1.3959 acc 0.293 | val_loss 1.4187 acc 0.282
epoch   7 | train_loss 1.3843 acc 0.307 | val_loss 1.4250 acc 0.270
epoch   8 | train_loss 1.3760 acc 0.317 | val_loss 1.4226 acc 0.273
epoch   9 | train_loss 1.3692 acc 0.326 | val_loss 1.4233 acc 0.260
epoch  10 | train_loss 1.3589 acc 0.333 | val_loss 1.4439 acc 0.264 | ind_score 0.196 (base 0.120)
epoch  11 | train_loss 1.3509 acc 0.339 | val_loss 1.4538 acc 0.261
epoch  12 | train_loss 1.3422 acc 0.347 | val_loss 1.4653 acc 0.265
epoch  13 | train_loss 1.3328 acc 0.357 | val_loss 1.4462 acc 0.281
epoch  14 | train_loss 1.3232 acc 0.361 | val_loss 1.4473 acc 0.259
epoch  15 | train_loss 1.3070 acc 0.380 | val_loss 1.4861 acc 0.266 | ind_score 0.178 (base 0.120)
epoch  16 | train_loss 1.2957 acc 0.388 | val_loss 1.4876 acc 0.259
epoch  17 | train_loss 1.2836 acc 0.401 | val_loss 1.5105 acc 0.276
epoch  18 | train_loss 1.2699 acc 0.412 | val_loss 1.4894 acc 0.296
epoch  19 | train_loss 1.2521 acc 0.422 | val_loss 1.5319 acc 0.265
epoch  20 | train_loss 1.2338 acc 0.435 | val_loss 1.5220 acc 0.295 | ind_score 0.183 (base 0.120)
epoch  21 | train_loss 1.2183 acc 0.451 | val_loss 1.5109 acc 0.295
epoch  22 | train_loss 1.1216 acc 0.517 | val_loss 1.0944 acc 0.557
epoch  23 | train_loss 0.3383 acc 0.890 | val_loss 0.1616 acc 0.958
epoch  24 | train_loss 0.0583 acc 0.984 | val_loss 0.0368 acc 0.988
epoch  25 | train_loss 0.0193 acc 0.995 | val_loss 0.0132 acc 0.996 | ind_score 0.356 (base 0.120)
epoch  26 | train_loss 0.0088 acc 0.998 | val_loss 0.0028 acc 1.000
epoch  27 | train_loss 0.0075 acc 0.998 | val_loss 0.0045 acc 0.999
epoch  28 | train_loss 0.0039 acc 0.999 | val_loss 0.0099 acc 0.996
epoch  29 | train_loss 0.0052 acc 0.999 | val_loss 0.0104 acc 0.998
epoch  30 | train_loss 0.0039 acc 0.999 | val_loss 0.0037 acc 0.999 | ind_score 0.339 (base 0.120)
epoch  31 | train_loss 0.0016 acc 1.000 | val_loss 0.0030 acc 0.999
epoch  32 | train_loss 0.0024 acc 1.000 | val_loss 0.0014 acc 1.000
epoch  33 | train_loss 0.0028 acc 1.000 | val_loss 0.0082 acc 0.998
epoch  34 | train_loss 0.0022 acc 1.000 | val_loss 0.0061 acc 0.999
epoch  35 | train_loss 0.0059 acc 0.999 | val_loss 0.0145 acc 0.996 | ind_score 0.314 (base 0.120)
epoch  36 | train_loss 0.0062 acc 0.999 | val_loss 0.0030 acc 0.999
epoch  37 | train_loss 0.0031 acc 0.999 | val_loss 0.0101 acc 0.999
epoch  38 | train_loss 0.0033 acc 0.999 | val_loss 0.0009 acc 1.000
epoch  39 | train_loss 0.0013 acc 1.000 | val_loss 0.0013 acc 1.000
epoch  40 | train_loss 0.0007 acc 1.000 | val_loss 0.0007 acc 1.000 | ind_score 0.303 (base 0.120)
epoch  41 | train_loss 0.0005 acc 1.000 | val_loss 0.0005 acc 1.000
epoch  42 | train_loss 0.0005 acc 1.000 | val_loss 0.0005 acc 1.000
epoch  43 | train_loss 0.0004 acc 1.000 | val_loss 0.0004 acc 1.000
epoch  44 | train_loss 0.0004 acc 1.000 | val_loss 0.0004 acc 1.000
epoch  45 | train_loss 0.0004 acc 1.000 | val_loss 0.0004 acc 1.000 | ind_score 0.285 (base 0.120)
epoch  46 | train_loss 0.0004 acc 1.000 | val_loss 0.0004 acc 1.000
epoch  47 | train_loss 0.0004 acc 1.000 | val_loss 0.0004 acc 1.000
epoch  48 | train_loss 0.0003 acc 1.000 | val_loss 0.0003 acc 1.000
epoch  49 | train_loss 0.0003 acc 1.000 | val_loss 0.0003 acc 1.000
epoch  50 | train_loss 0.0003 acc 1.000 | val_loss 0.0003 acc 1.000 | ind_score 0.271 (base 0.120)
epoch  51 | train_loss 0.0003 acc 1.000 | val_loss 0.0003 acc 1.000
epoch  52 | train_loss 0.0003 acc 1.000 | val_loss 0.0003 acc 1.000
epoch  53 | train_loss 0.0002 acc 1.000 | val_loss 0.0002 acc 1.000
epoch  54 | train_loss 0.0002 acc 1.000 | val_loss 0.0002 acc 1.000
epoch  55 | train_loss 0.0002 acc 1.000 | val_loss 0.0002 acc 1.000 | ind_score 0.260 (base 0.120)
epoch  56 | train_loss 0.0002 acc 1.000 | val_loss 0.0002 acc 1.000
epoch  57 | train_loss 0.0002 acc 1.000 | val_loss 0.0002 acc 1.000
epoch  58 | train_loss 0.0002 acc 1.000 | val_loss 0.0002 acc 1.000
epoch  59 | train_loss 0.0002 acc 1.000 | val_loss 0.0002 acc 1.000
epoch  60 | train_loss 0.0002 acc 1.000 | val_loss 0.0002 acc 1.000 | ind_score 0.254 (base 0.120)
epoch  61 | train_loss 0.0001 acc 1.000 | val_loss 0.0001 acc 1.000
epoch  62 | train_loss 0.0001 acc 1.000 | val_loss 0.0001 acc 1.000
epoch  63 | train_loss 0.0001 acc 1.000 | val_loss 0.0001 acc 1.000
epoch  64 | train_loss 0.0001 acc 1.000 | val_loss 0.0001 acc 1.000
epoch  65 | train_loss 0.0001 acc 1.000 | val_loss 0.0001 acc 1.000 | ind_score 0.249 (base 0.120)
epoch  66 | train_loss 0.0001 acc 1.000 | val_loss 0.0001 acc 1.000
epoch  67 | train_loss 0.0001 acc 1.000 | val_loss 0.0001 acc 1.000
epoch  68 | train_loss 0.0001 acc 1.000 | val_loss 0.0001 acc 1.000
epoch  69 | train_loss 0.0001 acc 1.000 | val_loss 0.0001 acc 1.000
epoch  70 | train_loss 0.0001 acc 1.000 | val_loss 0.0001 acc 1.000 | ind_score 0.245 (base 0.120)
epoch  71 | train_loss 0.0001 acc 1.000 | val_loss 0.0001 acc 1.000
epoch  72 | train_loss 0.0001 acc 1.000 | val_loss 0.0001 acc 1.000
epoch  73 | train_loss 0.0001 acc 1.000 | val_loss 0.0001 acc 1.000
epoch  74 | train_loss 0.0001 acc 1.000 | val_loss 0.0001 acc 1.000
epoch  75 | train_loss 0.0001 acc 1.000 | val_loss 0.0001 acc 1.000 | ind_score 0.243 (base 0.120)
epoch  76 | train_loss 0.0001 acc 1.000 | val_loss 0.0001 acc 1.000
epoch  77 | train_loss 0.0001 acc 1.000 | val_loss 0.0001 acc 1.000
epoch  78 | train_loss 0.0001 acc 1.000 | val_loss 0.0001 acc 1.000
epoch  79 | train_loss 0.0000 acc 1.000 | val_loss 0.0001 acc 1.000
epoch  80 | train_loss 0.0000 acc 1.000 | val_loss 0.0000 acc 1.000 | ind_score 0.242 (base 0.120)
epoch  81 | train_loss 0.0000 acc 1.000 | val_loss 0.0000 acc 1.000
epoch  82 | train_loss 0.0000 acc 1.000 | val_loss 0.0000 acc 1.000
epoch  83 | train_loss 0.0000 acc 1.000 | val_loss 0.0000 acc 1.000
epoch  84 | train_loss 0.0000 acc 1.000 | val_loss 0.0000 acc 1.000
epoch  85 | train_loss 0.0000 acc 1.000 | val_loss 0.0000 acc 1.000 | ind_score 0.242 (base 0.120)
epoch  86 | train_loss 0.0000 acc 1.000 | val_loss 0.0000 acc 1.000
epoch  87 | train_loss 0.0000 acc 1.000 | val_loss 0.0000 acc 1.000
epoch  88 | train_loss 0.0000 acc 1.000 | val_loss 0.0000 acc 1.000
epoch  89 | train_loss 0.0000 acc 1.000 | val_loss 0.0000 acc 1.000
epoch  90 | train_loss 0.0000 acc 1.000 | val_loss 0.0000 acc 1.000 | ind_score 0.241 (base 0.120)
epoch  91 | train_loss 0.0000 acc 1.000 | val_loss 0.0000 acc 1.000
epoch  92 | train_loss 0.0000 acc 1.000 | val_loss 0.0000 acc 1.000
epoch  93 | train_loss 0.0000 acc 1.000 | val_loss 0.0000 acc 1.000
epoch  94 | train_loss 0.0000 acc 1.000 | val_loss 0.0000 acc 1.000
epoch  95 | train_loss 0.0000 acc 1.000 | val_loss 0.0000 acc 1.000 | ind_score 0.241 (base 0.120)
epoch  96 | train_loss 0.0000 acc 1.000 | val_loss 0.0000 acc 1.000
epoch  97 | train_loss 0.0000 acc 1.000 | val_loss 0.0000 acc 1.000
epoch  98 | train_loss 0.0000 acc 1.000 | val_loss 0.0000 acc 1.000
epoch  99 | train_loss 0.0000 acc 1.000 | val_loss 0.0000 acc 1.000 | ind_score 0.241 (base 0.120)
Test: loss 0.0001 acc 1.000 ppl 1.00
[array task 1] done: {'test_loss': 5.3473227453650906e-05, 'test_acc': 1.0, 'test_ppl': 1.000053474657172, 'best_val_loss': 3.1979442719602955e-05, 'n_epochs_run': 100, 'train_seconds': 210.48095512390137}
