[array task 5/17] extended_no_collapse.yaml mode=train seed=2
epoch   0 | train_loss 1.7617 acc 0.240 | val_loss 1.5631 acc 0.231 | ind_score 0.177 (base 0.120)
epoch   1 | train_loss 1.4954 acc 0.255 | val_loss 1.4791 acc 0.225
epoch   2 | train_loss 1.4386 acc 0.262 | val_loss 1.4259 acc 0.254
epoch   3 | train_loss 1.4194 acc 0.271 | val_loss 1.4375 acc 0.241
epoch   4 | train_loss 1.4117 acc 0.272 | val_loss 1.4307 acc 0.242
epoch   5 | train_loss 1.4061 acc 0.277 | val_loss 1.4389 acc 0.234 | ind_score 0.174 (base 0.120)
epoch   6 | train_loss 1.4062 acc 0.277 | val_loss 1.4183 acc 0.274
epoch   7 | train_loss 1.4011 acc 0.282 | val_loss 1.4363 acc 0.269
epoch   8 | train_loss 1.4001 acc 0.286 | val_loss 1.4162 acc 0.291
epoch   9 | train_loss 1.3939 acc 0.293 | val_loss 1.4169 acc 0.261
epoch  10 | train_loss 1.3885 acc 0.299 | val_loss 1.4305 acc 0.264 | ind_score 0.164 (base 0.120)
epoch  11 | train_loss 1.3770 acc 0.307 | val_loss 1.3860 acc 0.287
epoch  12 | train_loss 1.3312 acc 0.351 | val_loss 1.2645 acc 0.390
epoch  13 | train_loss 1.1045 acc 0.489 | val_loss 1.0263 acc 0.524
epoch  14 | train_loss 0.8707 acc 0.591 | val_loss 0.8409 acc 0.588
epoch  15 | train_loss 0.7671 acc 0.625 | val_loss 0.7646 acc 0.611 | ind_score 0.158 (base 0.120)
epoch  16 | train_loss 0.7081 acc 0.645 | val_loss 0.7121 acc 0.627
epoch  17 | train_loss 0.6717 acc 0.655 | val_loss 0.6771 acc 0.656
epoch  18 | train_loss 0.6482 acc 0.665 | val_loss 0.6705 acc 0.636
epoch  19 | train_loss 0.6330 acc 0.669 | val_loss 0.6445 acc 0.641
epoch  20 | train_loss 0.6207 acc 0.677 | val_loss 0.6453 acc 0.660 | ind_score 0.155 (base 0.120)
epoch  21 | train_loss 0.6107 acc 0.684 | val_loss 0.6487 acc 0.642
epoch  22 | train_loss 0.5983 acc 0.695 | val_loss 0.6420 acc 0.641
epoch  23 | train_loss 0.5860 acc 0.705 | val_loss 0.6195 acc 0.664
epoch  24 | train_loss 0.5107 acc 0.753 | val_loss 0.4664 acc 0.770
epoch  25 | train_loss 0.3463 acc 0.845 | val_loss 0.3459 acc 0.831 | ind_score 0.154 (base 0.120)
epoch  26 | train_loss 0.2542 acc 0.894 | val_loss 0.2747 acc 0.876
epoch  27 | train_loss 0.2011 acc 0.921 | val_loss 0.2179 acc 0.900
epoch  28 | train_loss 0.1568 acc 0.939 | val_loss 0.1688 acc 0.932
epoch  29 | train_loss 0.1258 acc 0.951 | val_loss 0.1517 acc 0.934
epoch  30 | train_loss 0.1016 acc 0.964 | val_loss 0.1235 acc 0.949 | ind_score 0.195 (base 0.120)
epoch  31 | train_loss 0.0788 acc 0.973 | val_loss 0.1073 acc 0.963
epoch  32 | train_loss 0.0596 acc 0.982 | val_loss 0.0818 acc 0.969
epoch  33 | train_loss 0.0456 acc 0.986 | val_loss 0.0748 acc 0.970
epoch  34 | train_loss 0.0377 acc 0.989 | val_loss 0.0575 acc 0.975
epoch  35 | train_loss 0.0301 acc 0.992 | val_loss 0.0500 acc 0.983 | ind_score 0.200 (base 0.120)
epoch  36 | train_loss 0.0260 acc 0.994 | val_loss 0.0553 acc 0.976
epoch  37 | train_loss 0.0216 acc 0.995 | val_loss 0.0509 acc 0.980
epoch  38 | train_loss 0.0195 acc 0.996 | val_loss 0.0455 acc 0.981
epoch  39 | train_loss 0.0170 acc 0.997 | val_loss 0.0536 acc 0.979
epoch  40 | train_loss 0.0148 acc 0.997 | val_loss 0.0378 acc 0.986 | ind_score 0.198 (base 0.120)
epoch  41 | train_loss 0.0133 acc 0.998 | val_loss 0.0359 acc 0.984
epoch  42 | train_loss 0.0104 acc 0.999 | val_loss 0.0336 acc 0.983
epoch  43 | train_loss 0.0105 acc 0.999 | val_loss 0.0332 acc 0.986
epoch  44 | train_loss 0.0088 acc 0.999 | val_loss 0.0299 acc 0.986
epoch  45 | train_loss 0.0081 acc 0.999 | val_loss 0.0241 acc 0.988 | ind_score 0.196 (base 0.120)
epoch  46 | train_loss 0.0076 acc 0.999 | val_loss 0.0259 acc 0.990
epoch  47 | train_loss 0.0059 acc 1.000 | val_loss 0.0259 acc 0.989
epoch  48 | train_loss 0.0056 acc 1.000 | val_loss 0.0264 acc 0.988
epoch  49 | train_loss 0.0054 acc 1.000 | val_loss 0.0254 acc 0.990
epoch  50 | train_loss 0.0046 acc 1.000 | val_loss 0.0211 acc 0.991 | ind_score 0.195 (base 0.120)
epoch  51 | train_loss 0.0042 acc 1.000 | val_loss 0.0254 acc 0.989
epoch  52 | train_loss 0.0042 acc 1.000 | val_loss 0.0308 acc 0.989
epoch  53 | train_loss 0.0039 acc 1.000 | val_loss 0.0226 acc 0.993
epoch  54 | train_loss 0.0033 acc 1.000 | val_loss 0.0235 acc 0.993
epoch  55 | train_loss 0.0031 acc 1.000 | val_loss 0.0260 acc 0.988 | ind_score 0.193 (base 0.120)
epoch  56 | train_loss 0.0030 acc 1.000 | val_loss 0.0231 acc 0.991
epoch  57 | train_loss 0.0029 acc 1.000 | val_loss 0.0242 acc 0.990
epoch  58 | train_loss 0.0026 acc 1.000 | val_loss 0.0204 acc 0.991
epoch  59 | train_loss 0.0026 acc 1.000 | val_loss 0.0230 acc 0.990
epoch  60 | train_loss 0.0024 acc 1.000 | val_loss 0.0227 acc 0.989 | ind_score 0.193 (base 0.120)
epoch  61 | train_loss 0.0023 acc 1.000 | val_loss 0.0252 acc 0.991
epoch  62 | train_loss 0.0023 acc 1.000 | val_loss 0.0239 acc 0.991
epoch  63 | train_loss 0.0022 acc 1.000 | val_loss 0.0236 acc 0.990
epoch  64 | train_loss 0.0021 acc 1.000 | val_loss 0.0244 acc 0.990
epoch  65 | train_loss 0.0020 acc 1.000 | val_loss 0.0249 acc 0.991 | ind_score 0.193 (base 0.120)
epoch  66 | train_loss 0.0019 acc 1.000 | val_loss 0.0228 acc 0.991
epoch  67 | train_loss 0.0019 acc 1.000 | val_loss 0.0247 acc 0.990
epoch  68 | train_loss 0.0019 acc 1.000 | val_loss 0.0221 acc 0.990
epoch  69 | train_loss 0.0018 acc 1.000 | val_loss 0.0236 acc 0.991
epoch  70 | train_loss 0.0018 acc 1.000 | val_loss 0.0232 acc 0.991 | ind_score 0.193 (base 0.120)
epoch  71 | train_loss 0.0018 acc 1.000 | val_loss 0.0232 acc 0.991
epoch  72 | train_loss 0.0017 acc 1.000 | val_loss 0.0238 acc 0.993
epoch  73 | train_loss 0.0017 acc 1.000 | val_loss 0.0241 acc 0.991
epoch  74 | train_loss 0.0017 acc 1.000 | val_loss 0.0239 acc 0.991
epoch  75 | train_loss 0.0017 acc 1.000 | val_loss 0.0240 acc 0.991 | ind_score 0.193 (base 0.120)
epoch  76 | train_loss 0.0017 acc 1.000 | val_loss 0.0237 acc 0.991
epoch  77 | train_loss 0.0017 acc 1.000 | val_loss 0.0240 acc 0.991
epoch  78 | train_loss 0.0017 acc 1.000 | val_loss 0.0239 acc 0.991
epoch  79 | train_loss 0.0017 acc 1.000 | val_loss 0.0239 acc 0.991 | ind_score 0.193 (base 0.120)
Test: loss 0.0196 acc 0.994 ppl 1.02
[array task 5] done: {'test_loss': 0.01964359886944294, 'test_acc': 0.99375, 'test_ppl': 1.0198378039019655, 'best_val_loss': 0.020447871182113886, 'n_epochs_run': 80, 'train_seconds': 173.9565234184265, 'test_aux_label_acc': 0.7104166626930237, 'test_aux_symbol_acc': 0.35760417103767395}
