[array task 4/17] extended_no_collapse.yaml mode=train seed=1
epoch   0 | train_loss 1.7586 acc 0.243 | val_loss 1.5422 acc 0.279 | ind_score 0.171 (base 0.120)
epoch   1 | train_loss 1.4990 acc 0.255 | val_loss 1.4709 acc 0.241
epoch   2 | train_loss 1.4417 acc 0.263 | val_loss 1.4182 acc 0.275
epoch   3 | train_loss 1.4237 acc 0.269 | val_loss 1.4110 acc 0.275
epoch   4 | train_loss 1.4115 acc 0.274 | val_loss 1.4258 acc 0.225
epoch   5 | train_loss 1.4065 acc 0.278 | val_loss 1.4331 acc 0.261 | ind_score 0.156 (base 0.120)
epoch   6 | train_loss 1.4026 acc 0.279 | val_loss 1.4167 acc 0.263
epoch   7 | train_loss 1.3957 acc 0.283 | val_loss 1.4129 acc 0.276
epoch   8 | train_loss 1.3940 acc 0.283 | val_loss 1.4189 acc 0.261
epoch   9 | train_loss 1.3867 acc 0.294 | val_loss 1.4000 acc 0.274
epoch  10 | train_loss 1.3748 acc 0.311 | val_loss 1.3961 acc 0.304 | ind_score 0.155 (base 0.120)
epoch  11 | train_loss 1.2656 acc 0.385 | val_loss 1.0514 acc 0.474
epoch  12 | train_loss 0.3487 acc 0.853 | val_loss 0.0135 acc 0.999
epoch  13 | train_loss 0.0077 acc 0.999 | val_loss 0.0062 acc 0.999
epoch  14 | train_loss 0.0038 acc 1.000 | val_loss 0.0045 acc 0.999
epoch  15 | train_loss 0.0028 acc 1.000 | val_loss 0.0020 acc 1.000 | ind_score 0.356 (base 0.120)
epoch  16 | train_loss 0.0018 acc 1.000 | val_loss 0.0018 acc 1.000
epoch  17 | train_loss 0.0016 acc 1.000 | val_loss 0.0011 acc 1.000
epoch  18 | train_loss 0.0014 acc 1.000 | val_loss 0.0010 acc 1.000
epoch  19 | train_loss 0.0011 acc 1.000 | val_loss 0.0011 acc 1.000
epoch  20 | train_loss 0.0010 acc 1.000 | val_loss 0.0012 acc 1.000 | ind_score 0.352 (base 0.120)
epoch  21 | train_loss 0.0009 acc 1.000 | val_loss 0.0036 acc 0.999
epoch  22 | train_loss 0.0009 acc 1.000 | val_loss 0.0010 acc 1.000
epoch  23 | train_loss 0.0007 acc 1.000 | val_loss 0.0009 acc 1.000
epoch  24 | train_loss 0.0007 acc 1.000 | val_loss 0.0006 acc 1.000
epoch  25 | train_loss 0.0009 acc 1.000 | val_loss 0.0009 acc 1.000 | ind_score 0.350 (base 0.120)
epoch  26 | train_loss 0.0008 acc 1.000 | val_loss 0.0009 acc 1.000
epoch  27 | train_loss 0.0007 acc 1.000 | val_loss 0.0006 acc 1.000
epoch  28 | train_loss 0.0007 acc 1.000 | val_loss 0.0005 acc 1.000
epoch  29 | train_loss 0.0008 acc 1.000 | val_loss 0.0008 acc 1.000
epoch  30 | train_loss 0.0005 acc 1.000 | val_loss 0.0006 acc 1.000 | ind_score 0.353 (base 0.120)
epoch  31 | train_loss 0.0006 acc 1.000 | val_loss 0.0020 acc 0.999
epoch  32 | train_loss 0.0006 acc 1.000 | val_loss 0.0011 acc 1.000
epoch  33 | train_loss 0.0005 acc 1.000 | val_loss 0.0013 acc 1.000
epoch  34 | train_loss 0.0007 acc 1.000 | val_loss 0.0007 acc 1.000
epoch  35 | train_loss 0.0006 acc 1.000 | val_loss 0.0034 acc 0.999 | ind_score 0.350 (base 0.120)
epoch  36 | train_loss 0.0004 acc 1.000 | val_loss 0.0064 acc 0.999
epoch  37 | train_loss 0.0005 acc 1.000 | val_loss 0.0060 acc 0.999
epoch  38 | train_loss 0.0007 acc 1.000 | val_loss 0.0091 acc 0.999
epoch  39 | train_loss 0.0005 acc 1.000 | val_loss 0.0041 acc 0.999
epoch  40 | train_loss 0.0005 acc 1.000 | val_loss 0.0014 acc 1.000 | ind_score 0.347 (base 0.120)
epoch  41 | train_loss 0.0006 acc 1.000 | val_loss 0.0067 acc 0.999
epoch  42 | train_loss 0.0005 acc 1.000 | val_loss 0.0040 acc 0.999
epoch  43 | train_loss 0.0004 acc 1.000 | val_loss 0.0065 acc 0.999
epoch  44 | train_loss 0.0005 acc 1.000 | val_loss 0.0095 acc 0.999
epoch  45 | train_loss 0.0005 acc 1.000 | val_loss 0.0065 acc 0.999 | ind_score 0.348 (base 0.120)
epoch  46 | train_loss 0.0004 acc 1.000 | val_loss 0.0071 acc 0.999
epoch  47 | train_loss 0.0004 acc 1.000 | val_loss 0.0056 acc 0.999
epoch  48 | train_loss 0.0004 acc 1.000 | val_loss 0.0073 acc 0.999
epoch  49 | train_loss 0.0005 acc 1.000 | val_loss 0.0044 acc 0.999
epoch  50 | train_loss 0.0003 acc 1.000 | val_loss 0.0073 acc 0.999 | ind_score 0.346 (base 0.120)
epoch  51 | train_loss 0.0004 acc 1.000 | val_loss 0.0084 acc 0.999
epoch  52 | train_loss 0.0004 acc 1.000 | val_loss 0.0077 acc 0.999
epoch  53 | train_loss 0.0003 acc 1.000 | val_loss 0.0074 acc 0.999
epoch  54 | train_loss 0.0004 acc 1.000 | val_loss 0.0071 acc 0.999
epoch  55 | train_loss 0.0003 acc 1.000 | val_loss 0.0075 acc 0.999 | ind_score 0.347 (base 0.120)
epoch  56 | train_loss 0.0003 acc 1.000 | val_loss 0.0083 acc 0.999
epoch  57 | train_loss 0.0003 acc 1.000 | val_loss 0.0084 acc 0.999
epoch  58 | train_loss 0.0003 acc 1.000 | val_loss 0.0066 acc 0.999
Early stopping at epoch 58 (no val improvement for 30 evals).
Test: loss 0.0035 acc 0.999 ppl 1.00
[array task 4] done: {'test_loss': 0.003547925512539223, 'test_acc': 0.99875, 'test_ppl': 1.0035542268502824, 'best_val_loss': 0.0005431590531952679, 'n_epochs_run': 59, 'train_seconds': 127.44340682029724, 'test_aux_label_acc': 0.7194791674613953, 'test_aux_symbol_acc': 0.3152083313465118}
