[array task 3/17] extended_no_collapse.yaml mode=train seed=0
epoch   0 | train_loss 1.7667 acc 0.235 | val_loss 1.5944 acc 0.226 | ind_score 0.169 (base 0.120)
epoch   1 | train_loss 1.5009 acc 0.258 | val_loss 1.4506 acc 0.260
epoch   2 | train_loss 1.4383 acc 0.262 | val_loss 1.4323 acc 0.260
epoch   3 | train_loss 1.4190 acc 0.268 | val_loss 1.4334 acc 0.256
epoch   4 | train_loss 1.4103 acc 0.271 | val_loss 1.4437 acc 0.239
epoch   5 | train_loss 1.4052 acc 0.274 | val_loss 1.4203 acc 0.261 | ind_score 0.152 (base 0.120)
epoch   6 | train_loss 1.4021 acc 0.276 | val_loss 1.4215 acc 0.247
epoch   7 | train_loss 1.3996 acc 0.280 | val_loss 1.4139 acc 0.261
epoch   8 | train_loss 1.3958 acc 0.286 | val_loss 1.4224 acc 0.241
epoch   9 | train_loss 1.3915 acc 0.295 | val_loss 1.4214 acc 0.251
epoch  10 | train_loss 1.3856 acc 0.298 | val_loss 1.4126 acc 0.265 | ind_score 0.152 (base 0.120)
epoch  11 | train_loss 1.3754 acc 0.312 | val_loss 1.4144 acc 0.285
epoch  12 | train_loss 1.3030 acc 0.371 | val_loss 1.2339 acc 0.394
epoch  13 | train_loss 1.0869 acc 0.482 | val_loss 1.0780 acc 0.441
epoch  14 | train_loss 0.9538 acc 0.518 | val_loss 0.9781 acc 0.494
epoch  15 | train_loss 0.9088 acc 0.532 | val_loss 0.9490 acc 0.490 | ind_score 0.139 (base 0.120)
epoch  16 | train_loss 0.8831 acc 0.543 | val_loss 0.9212 acc 0.495
epoch  17 | train_loss 0.8679 acc 0.551 | val_loss 0.9103 acc 0.489
epoch  18 | train_loss 0.8095 acc 0.599 | val_loss 0.7464 acc 0.647
epoch  19 | train_loss 0.3796 acc 0.865 | val_loss 0.2575 acc 0.911
epoch  20 | train_loss 0.1568 acc 0.954 | val_loss 0.1566 acc 0.946 | ind_score 0.145 (base 0.120)
epoch  21 | train_loss 0.1017 acc 0.972 | val_loss 0.0978 acc 0.973
epoch  22 | train_loss 0.0682 acc 0.984 | val_loss 0.0939 acc 0.965
epoch  23 | train_loss 0.0514 acc 0.987 | val_loss 0.0857 acc 0.974
epoch  24 | train_loss 0.0441 acc 0.990 | val_loss 0.0531 acc 0.979
epoch  25 | train_loss 0.0421 acc 0.989 | val_loss 0.0611 acc 0.983 | ind_score 0.147 (base 0.120)
epoch  26 | train_loss 0.0321 acc 0.992 | val_loss 0.0319 acc 0.995
epoch  27 | train_loss 0.0263 acc 0.995 | val_loss 0.0322 acc 0.991
epoch  28 | train_loss 0.0221 acc 0.996 | val_loss 0.0314 acc 0.991
epoch  29 | train_loss 0.0189 acc 0.996 | val_loss 0.0451 acc 0.985
epoch  30 | train_loss 0.0183 acc 0.997 | val_loss 0.0314 acc 0.993 | ind_score 0.152 (base 0.120)
epoch  31 | train_loss 0.0188 acc 0.996 | val_loss 0.0405 acc 0.989
epoch  32 | train_loss 0.0199 acc 0.996 | val_loss 0.0412 acc 0.988
epoch  33 | train_loss 0.0181 acc 0.997 | val_loss 0.0301 acc 0.988
epoch  34 | train_loss 0.0163 acc 0.997 | val_loss 0.0270 acc 0.995
epoch  35 | train_loss 0.0151 acc 0.997 | val_loss 0.0353 acc 0.988 | ind_score 0.164 (base 0.120)
epoch  36 | train_loss 0.0128 acc 0.998 | val_loss 0.0254 acc 0.994
epoch  37 | train_loss 0.0117 acc 0.998 | val_loss 0.0250 acc 0.991
epoch  38 | train_loss 0.0104 acc 0.999 | val_loss 0.0276 acc 0.991
epoch  39 | train_loss 0.0112 acc 0.998 | val_loss 0.0269 acc 0.991
epoch  40 | train_loss 0.0083 acc 0.999 | val_loss 0.0179 acc 0.995 | ind_score 0.177 (base 0.120)
epoch  41 | train_loss 0.0081 acc 0.999 | val_loss 0.0215 acc 0.994
epoch  42 | train_loss 0.0062 acc 1.000 | val_loss 0.0240 acc 0.995
epoch  43 | train_loss 0.0057 acc 0.999 | val_loss 0.0177 acc 0.995
epoch  44 | train_loss 0.0056 acc 0.999 | val_loss 0.0118 acc 0.999
epoch  45 | train_loss 0.0046 acc 1.000 | val_loss 0.0111 acc 0.998 | ind_score 0.185 (base 0.120)
epoch  46 | train_loss 0.0049 acc 1.000 | val_loss 0.0172 acc 0.994
epoch  47 | train_loss 0.0040 acc 1.000 | val_loss 0.0140 acc 0.999
epoch  48 | train_loss 0.0036 acc 1.000 | val_loss 0.0183 acc 0.998
epoch  49 | train_loss 0.0031 acc 1.000 | val_loss 0.0092 acc 0.999
epoch  50 | train_loss 0.0027 acc 1.000 | val_loss 0.0135 acc 0.995 | ind_score 0.193 (base 0.120)
epoch  51 | train_loss 0.0028 acc 1.000 | val_loss 0.0121 acc 0.996
epoch  52 | train_loss 0.0027 acc 1.000 | val_loss 0.0125 acc 0.998
epoch  53 | train_loss 0.0023 acc 1.000 | val_loss 0.0113 acc 0.998
epoch  54 | train_loss 0.0023 acc 1.000 | val_loss 0.0109 acc 0.996
epoch  55 | train_loss 0.0021 acc 1.000 | val_loss 0.0114 acc 0.996 | ind_score 0.198 (base 0.120)
epoch  56 | train_loss 0.0020 acc 1.000 | val_loss 0.0082 acc 0.998
epoch  57 | train_loss 0.0018 acc 1.000 | val_loss 0.0101 acc 0.996
epoch  58 | train_loss 0.0017 acc 1.000 | val_loss 0.0079 acc 0.999
epoch  59 | train_loss 0.0017 acc 1.000 | val_loss 0.0092 acc 0.998
epoch  60 | train_loss 0.0016 acc 1.000 | val_loss 0.0083 acc 0.999 | ind_score 0.196 (base 0.120)
epoch  61 | train_loss 0.0016 acc 1.000 | val_loss 0.0073 acc 0.999
epoch  62 | train_loss 0.0015 acc 1.000 | val_loss 0.0101 acc 0.998
epoch  63 | train_loss 0.0014 acc 1.000 | val_loss 0.0082 acc 0.999
epoch  64 | train_loss 0.0014 acc 1.000 | val_loss 0.0077 acc 0.999
epoch  65 | train_loss 0.0014 acc 1.000 | val_loss 0.0075 acc 0.999 | ind_score 0.196 (base 0.120)
epoch  66 | train_loss 0.0014 acc 1.000 | val_loss 0.0081 acc 0.998
epoch  67 | train_loss 0.0013 acc 1.000 | val_loss 0.0086 acc 0.999
epoch  68 | train_loss 0.0013 acc 1.000 | val_loss 0.0078 acc 0.999
epoch  69 | train_loss 0.0013 acc 1.000 | val_loss 0.0088 acc 0.999
epoch  70 | train_loss 0.0013 acc 1.000 | val_loss 0.0084 acc 0.999 | ind_score 0.195 (base 0.120)
epoch  71 | train_loss 0.0013 acc 1.000 | val_loss 0.0090 acc 0.999
epoch  72 | train_loss 0.0012 acc 1.000 | val_loss 0.0087 acc 0.998
epoch  73 | train_loss 0.0012 acc 1.000 | val_loss 0.0086 acc 0.998
epoch  74 | train_loss 0.0012 acc 1.000 | val_loss 0.0087 acc 0.998
epoch  75 | train_loss 0.0012 acc 1.000 | val_loss 0.0088 acc 0.998 | ind_score 0.196 (base 0.120)
epoch  76 | train_loss 0.0012 acc 1.000 | val_loss 0.0088 acc 0.998
epoch  77 | train_loss 0.0012 acc 1.000 | val_loss 0.0088 acc 0.998
epoch  78 | train_loss 0.0012 acc 1.000 | val_loss 0.0088 acc 0.998
epoch  79 | train_loss 0.0012 acc 1.000 | val_loss 0.0088 acc 0.998 | ind_score 0.196 (base 0.120)
Test: loss 0.0214 acc 0.994 ppl 1.02
[array task 3] done: {'test_loss': 0.021432698145508765, 'test_acc': 0.99375, 'test_ppl': 1.0216640281397353, 'best_val_loss': 0.007280026348307728, 'n_epochs_run': 80, 'train_seconds': 179.26394939422607, 'test_aux_label_acc': 0.7128125, 'test_aux_symbol_acc': 0.3058333349227905}
